// Jest Snapshot v1, https://goo.gl/fbAQLP

exports[`Nav Component renders in default state 1`] = `
<DocumentFragment>
  <nav
    class="MuiPaper-root MuiAppBar-root MuiAppBar-positionStatic MuiAppBar-colorPrimary MuiPaper-elevation4"
  >
    <div
      class="MuiToolbar-root MuiToolbar-regular MuiToolbar-gutters"
    >
      <a
        class="MuiTypography-root MuiLink-root MuiLink-underlineHover MuiTypography-colorSecondary"
        href="/"
      >
        <h6
          class="MuiTypography-root makeStyles-link-1 MuiTypography-h6"
        >
          Home
        </h6>
      </a>
      <a
        class="MuiTypography-root MuiLink-root MuiLink-underlineHover MuiTypography-colorSecondary"
        href="/about"
      >
        <h6
          class="MuiTypography-root makeStyles-link-1 MuiTypography-h6"
        >
          About
        </h6>
      </a>
    </div>
  </nav>
</DocumentFragment>
`;
