// Jest Snapshot v1, https://goo.gl/fbAQLP

exports[`Nav Component renders in default state 1`] = `
<DocumentFragment>
  <nav
    class="MuiPaper-root MuiPaper-elevation MuiPaper-elevation4 MuiAppBar-root MuiAppBar-colorPrimary MuiAppBar-positionStatic css-hip9hq-MuiPaper-root-MuiAppBar-root"
  >
    <div
      class="MuiToolbar-root MuiToolbar-gutters MuiToolbar-regular css-hyum1k-MuiToolbar-root"
    />
  </nav>
</DocumentFragment>
`;
